// Jest Snapshot v1, https://goo.gl/fbAQLP

exports[`renders correctly 1`] = `
<View
  style={
    Object {
      "alignItems": "center",
      "opacity": 0,
      "paddingVertical": 10,
      "width": "100%",
    }
  }
/>
`;
