// Jest Snapshot v1, https://goo.gl/fbAQLP

exports[`renders correctly 1`] = `
<View
  style={
    Array [
      Object {
        "backgroundColor": "transparent",
      },
      Object {
        "alignItems": "center",
        "flexDirection": "row",
      },
    ]
  }
>
  <Text
    allowFontScaling={false}
    style={
      Array [
        Object {
          "color": "#ccc",
          "fontSize": 12,
        },
        Object {
          "marginRight": 2,
        },
        Object {
          "fontFamily": "Ionicons",
          "fontStyle": "normal",
          "fontWeight": "normal",
        },
        Object {},
      ]
    }
  >
    
  </Text>
  <Text
    allowFontScaling={false}
    style={
      Array [
        Object {
          "color": "#ccc",
          "fontSize": 12,
        },
        Object {
          "marginRight": 2,
        },
        Object {
          "fontFamily": "Ionicons",
          "fontStyle": "normal",
          "fontWeight": "normal",
        },
        Object {},
      ]
    }
  >
    
  </Text>
  <Text
    allowFontScaling={false}
    style={
      Array [
        Object {
          "color": "#ccc",
          "fontSize": 12,
        },
        Object {
          "marginRight": 2,
        },
        Object {
          "fontFamily": "Ionicons",
          "fontStyle": "normal",
          "fontWeight": "normal",
        },
        Object {},
      ]
    }
  >
    
  </Text>
  <Text
    allowFontScaling={false}
    style={
      Array [
        Object {
          "color": "#ccc",
          "fontSize": 12,
        },
        Object {
          "marginRight": 2,
        },
        Object {
          "fontFamily": "Ionicons",
          "fontStyle": "normal",
          "fontWeight": "normal",
        },
        Object {},
      ]
    }
  >
    
  </Text>
  <Text
    allowFontScaling={false}
    style={
      Array [
        Object {
          "color": "#ccc",
          "fontSize": 12,
        },
        Object {
          "marginRight": 2,
        },
        Object {
          "fontFamily": "Ionicons",
          "fontStyle": "normal",
          "fontWeight": "normal",
        },
        Object {},
      ]
    }
  >
    
  </Text>
  <View />
</View>
`;
